172.56.21.40 - - [30/Jul/2018:03:22:32 +0000] "GET / HTTP/1.1" 200 14 "-" "Mozilla/5.0 (X11; CrOS x86_64 10575.58.0) AppleWebKit/537.36 (KHTML, like Gecko) Chrome/67.0.3396.99 Safari/537.36"
172.56.21.40 - - [30/Jul/2018:03:23:46 +0000] "GET / HTTP/1.1" 200 27 "-" "Mozilla/5.0 (X11; CrOS x86_64 10575.58.0) AppleWebKit/537.36 (KHTML, like Gecko) Chrome/67.0.3396.99 Safari/537.36"
172.56.21.40 - - [30/Jul/2018:03:25:59 +0000] "GET / HTTP/1.1" 200 27 "-" "Mozilla/5.0 (X11; CrOS x86_64 10575.58.0) AppleWebKit/537.36 (KHTML, like Gecko) Chrome/67.0.3396.99 Safari/537.36"
172.56.21.40 - - [30/Jul/2018:03:25:59 +0000] "GET / HTTP/1.1" 200 27 "-" "Mozilla/5.0 (X11; CrOS x86_64 10575.58.0) AppleWebKit/537.36 (KHTML, like Gecko) Chrome/67.0.3396.99 Safari/537.36"
172.56.21.40 - - [30/Jul/2018:03:26:00 +0000] "GET /favicon.ico HTTP/1.1" 200 27 "http://dyerdev.com/" "Mozilla/5.0 (X11; CrOS x86_64 10575.58.0) AppleWebKit/537.36 (KHTML, like Gecko) Chrome/67.0.3396.99 Safari/537.36"
172.56.21.40 - - [30/Jul/2018:03:26:29 +0000] "GET / HTTP/1.1" 200 22 "-" "Mozilla/5.0 (X11; CrOS x86_64 10575.58.0) AppleWebKit/537.36 (KHTML, like Gecko) Chrome/67.0.3396.99 Safari/537.36"
172.56.21.40 - - [30/Jul/2018:03:26:29 +0000] "GET / HTTP/1.1" 200 22 "-" "Mozilla/5.0 (X11; CrOS x86_64 10575.58.0) AppleWebKit/537.36 (KHTML, like Gecko) Chrome/67.0.3396.99 Safari/537.36"
172.56.21.40 - - [30/Jul/2018:03:26:30 +0000] "GET /favicon.ico HTTP/1.1" 200 22 "http://dyerdev.com/" "Mozilla/5.0 (X11; CrOS x86_64 10575.58.0) AppleWebKit/537.36 (KHTML, like Gecko) Chrome/67.0.3396.99 Safari/537.36"
172.56.21.40 - - [30/Jul/2018:03:29:21 +0000] "GET / HTTP/1.1" 200 60 "-" "Mozilla/5.0 (X11; CrOS x86_64 10575.58.0) AppleWebKit/537.36 (KHTML, like Gecko) Chrome/67.0.3396.99 Safari/537.36"
172.56.21.40 - - [30/Jul/2018:03:29:22 +0000] "GET / HTTP/1.1" 200 60 "-" "Mozilla/5.0 (X11; CrOS x86_64 10575.58.0) AppleWebKit/537.36 (KHTML, like Gecko) Chrome/67.0.3396.99 Safari/537.36"
172.56.21.40 - - [30/Jul/2018:03:29:22 +0000] "GET /favicon.ico HTTP/1.1" 200 60 "http://dyerdev.com/" "Mozilla/5.0 (X11; CrOS x86_64 10575.58.0) AppleWebKit/537.36 (KHTML, like Gecko) Chrome/67.0.3396.99 Safari/537.36"
66.249.88.13 - - [30/Jul/2018:04:52:32 +0000] "GET / HTTP/1.1" 502 584 "-" "Mozilla/5.0 (X11; Linux x86_64) AppleWebKit/537.36 (KHTML, like Gecko) Chrome/49.0.2623.75 Safari/537.36 Google Favicon"
138.128.43.34 - - [30/Jul/2018:05:36:51 +0000] "GET / HTTP/1.0" 502 182 "-" "Mozilla/5.0 (Windows NT 6.3; Win64; x64; rv:57.0) Gecko/20100101 Firefox/57.0"
167.160.77.70 - - [30/Jul/2018:05:36:52 +0000] "GET / HTTP/1.0" 502 182 "-" "Mozilla/5.0 (Windows NT 6.3; Win64; x64; rv:57.0) Gecko/20100101 Firefox/57.0"
172.245.14.154 - - [30/Jul/2018:05:36:52 +0000] "GET / HTTP/1.0" 502 182 "-" "Mozilla/5.0 (Windows NT 6.3; Win64; x64; rv:57.0) Gecko/20100101 Firefox/57.0"
172.245.253.41 - - [30/Jul/2018:05:36:52 +0000] "GET / HTTP/1.0" 502 182 "-" "Mozilla/5.0 (Windows NT 6.3; Win64; x64; rv:57.0) Gecko/20100101 Firefox/57.0"
66.249.75.6 - - [30/Jul/2018:10:14:18 +0000] "GET /robots.txt HTTP/1.1" 502 182 "-" "Mozilla/5.0 (compatible; Googlebot/2.1; +http://www.google.com/bot.html)"
66.102.6.131 - - [30/Jul/2018:17:33:33 +0000] "GET / HTTP/1.1" 502 584 "-" "Mozilla/5.0 (X11; Linux x86_64) AppleWebKit/537.36 (KHTML, like Gecko) Chrome/49.0.2623.75 Safari/537.36 Google Favicon"
66.102.6.133 - - [30/Jul/2018:22:59:23 +0000] "GET / HTTP/1.1" 502 584 "-" "Mozilla/5.0 (X11; Linux x86_64) AppleWebKit/537.36 (KHTML, like Gecko) Chrome/49.0.2623.75 Safari/537.36 Google Favicon"
66.249.75.6 - - [31/Jul/2018:03:17:51 +0000] "GET /robots.txt HTTP/1.1" 502 182 "-" "Mozilla/5.0 (compatible; Googlebot/2.1; +http://www.google.com/bot.html)"
66.249.75.6 - - [31/Jul/2018:03:17:51 +0000] "GET / HTTP/1.1" 502 182 "-" "Mozilla/5.0 (compatible; Googlebot/2.1; +http://www.google.com/bot.html)"
66.249.75.2 - - [31/Jul/2018:06:11:20 +0000] "GET /robots.txt HTTP/1.1" 502 182 "-" "Mozilla/5.0 (compatible; Googlebot/2.1; +http://www.google.com/bot.html)"
66.249.75.2 - - [31/Jul/2018:06:11:20 +0000] "GET / HTTP/1.1" 502 584 "-" "Mozilla/5.0 (Linux; Android 6.0.1; Nexus 5X Build/MMB29P) AppleWebKit/537.36 (KHTML, like Gecko) Chrome/41.0.2272.96 Mobile Safari/537.36 (compatible; Googlebot/2.1; +http://www.google.com/bot.html)"
66.249.75.2 - - [31/Jul/2018:08:22:25 +0000] "GET /robots.txt HTTP/1.1" 502 182 "-" "Mozilla/5.0 (compatible; Googlebot/2.1; +http://www.google.com/bot.html)"
66.249.75.2 - - [31/Jul/2018:08:22:25 +0000] "GET /?page=about-us HTTP/1.1" 502 182 "-" "Mozilla/5.0 (compatible; Googlebot/2.1; +http://www.google.com/bot.html)"
66.102.6.133 - - [31/Jul/2018:13:51:29 +0000] "GET / HTTP/1.1" 502 584 "-" "Mozilla/5.0 (X11; Linux x86_64) AppleWebKit/537.36 (KHTML, like Gecko) Chrome/49.0.2623.75 Safari/537.36 Google Favicon"
66.102.6.129 - - [31/Jul/2018:14:18:34 +0000] "GET / HTTP/1.1" 502 584 "-" "Mozilla/5.0 (X11; Linux x86_64) AppleWebKit/537.36 (KHTML, like Gecko) Chrome/49.0.2623.75 Safari/537.36 Google Favicon"
66.102.6.133 - - [31/Jul/2018:16:57:22 +0000] "GET / HTTP/1.1" 502 584 "-" "Mozilla/5.0 (X11; Linux x86_64) AppleWebKit/537.36 (KHTML, like Gecko) Chrome/49.0.2623.75 Safari/537.36 Google Favicon"
169.54.244.93 - - [31/Jul/2018:19:18:59 +0000] "GET / HTTP/1.1" 502 182 "-" "Mozilla/5.0 (compatible; nsrbot/1.0; &#43;http://netsystemsresearch.com)"
66.249.75.6 - - [31/Jul/2018:20:07:45 +0000] "GET /robots.txt HTTP/1.1" 502 182 "-" "Mozilla/5.0 (compatible; Googlebot/2.1; +http://www.google.com/bot.html)"
66.249.75.2 - - [31/Jul/2018:20:07:45 +0000] "GET /?page=video-gallery HTTP/1.1" 502 182 "-" "Mozilla/5.0 (compatible; Googlebot/2.1; +http://www.google.com/bot.html)"
66.249.75.2 - - [31/Jul/2018:20:07:48 +0000] "GET /css/themes/cerulean.css HTTP/1.1" 502 182 "http://dyerdev.com/?page=video-gallery" "Mozilla/5.0 AppleWebKit/537.36 (KHTML, like Gecko; compatible; Googlebot/2.1; +http://www.google.com/bot.html) Safari/537.36"
66.249.75.2 - - [31/Jul/2018:20:07:58 +0000] "GET /vendor/jquery/jquery.min.js HTTP/1.1" 502 182 "http://dyerdev.com/?page=video-gallery" "Mozilla/5.0 AppleWebKit/537.36 (KHTML, like Gecko; compatible; Googlebot/2.1; +http://www.google.com/bot.html) Safari/537.36"
66.249.75.6 - - [31/Jul/2018:20:58:26 +0000] "GET /robots.txt HTTP/1.1" 502 182 "-" "Mozilla/5.0 (compatible; Googlebot/2.1; +http://www.google.com/bot.html)"
66.249.75.6 - - [31/Jul/2018:20:58:26 +0000] "GET /?page=businesses HTTP/1.1" 502 182 "-" "Mozilla/5.0 (compatible; Googlebot/2.1; +http://www.google.com/bot.html)"
138.197.26.255 - - [31/Jul/2018:21:16:18 +0000] "GET /downloader/ HTTP/1.1" 502 182 "-" "Mozilla/5.0 (Windows NT 5.1; rv:32.0) Gecko/20100101 Firefox/32.0"
66.102.6.131 - - [01/Aug/2018:00:58:21 +0000] "GET / HTTP/1.1" 502 584 "-" "Mozilla/5.0 (X11; Linux x86_64) AppleWebKit/537.36 (KHTML, like Gecko) Chrome/49.0.2623.75 Safari/537.36 Google Favicon"
142.93.28.189 - - [01/Aug/2018:02:13:06 +0000] "GET / HTTP/1.1" 502 584 "-" "Mozilla/5.0 (X11; Linux x86_64) AppleWebKit/537.36 (KHTML, like Gecko) Chrome/67.0.3396.87 Safari/537.36 OPR/54.0.2952.54"
52.53.201.78 - - [01/Aug/2018:04:55:04 +0000] "GET / HTTP/1.1" 502 584 "-" "Mozilla/5.0 (Macintosh; Intel Mac OS X 10_12_6) AppleWebKit/537.36 (KHTML, like Gecko) Chrome/61.0.3163.100 Safari/537.36"
68.180.78.72 - - [01/Aug/2018:05:08:39 +0000] "GET / HTTP/1.1" 502 584 "-" "Mozilla/5.0 (X11; CrOS x86_64 10575.58.0) AppleWebKit/537.36 (KHTML, like Gecko) Chrome/67.0.3396.99 Safari/537.36"
157.55.39.27 - - [01/Aug/2018:06:24:48 +0000] "GET /robots.txt HTTP/1.1" 502 182 "-" "Mozilla/5.0 (compatible; bingbot/2.0; +http://www.bing.com/bingbot.htm)"
157.55.39.27 - - [01/Aug/2018:06:27:35 +0000] "GET /robots.txt HTTP/1.1" 502 182 "-" "Mozilla/5.0 (compatible; bingbot/2.0; +http://www.bing.com/bingbot.htm)"
157.55.39.27 - - [01/Aug/2018:06:29:49 +0000] "GET /robots.txt HTTP/1.1" 502 182 "-" "Mozilla/5.0 (compatible; bingbot/2.0; +http://www.bing.com/bingbot.htm)"
157.55.39.89 - - [01/Aug/2018:06:29:58 +0000] "GET / HTTP/1.1" 502 182 "-" "Mozilla/5.0 (compatible; bingbot/2.0; +http://www.bing.com/bingbot.htm)"
163.172.4.153 - - [01/Aug/2018:10:06:52 +0000] "GET / HTTP/1.1" 502 182 "http://dyerdev.com/" "Mozilla/5.0 (Macintosh; Intel Mac OS X 10.10; rv:53.0) Gecko/20100101 Firefox/53.0"
113.57.46.195 - - [01/Aug/2018:13:41:22 +0000] "GET /components/com_mailto/views/sent/metadata.xml HTTP/1.1" 502 182 "-" "-"
178.210.90.90 - - [01/Aug/2018:20:17:29 +0000] "GET /downloader/ HTTP/1.0" 502 182 "-" "Mozilla/5.0 (Windows NT 10.0; WOW64; rv:40.0) Gecko/20100101 Firefox/40.0"
66.249.66.91 - - [02/Aug/2018:07:58:49 +0000] "GET /robots.txt HTTP/1.1" 502 182 "-" "Mozilla/5.0 (compatible; Googlebot/2.1; +http://www.google.com/bot.html)"
66.249.66.90 - - [02/Aug/2018:07:58:49 +0000] "GET / HTTP/1.1" 502 584 "-" "Mozilla/5.0 (Linux; Android 6.0.1; Nexus 5X Build/MMB29P) AppleWebKit/537.36 (KHTML, like Gecko) Chrome/41.0.2272.96 Mobile Safari/537.36 (compatible; Googlebot/2.1; +http://www.google.com/bot.html)"
66.249.66.90 - - [02/Aug/2018:14:52:54 +0000] "GET /robots.txt HTTP/1.1" 502 182 "-" "Mozilla/5.0 (compatible; Googlebot/2.1; +http://www.google.com/bot.html)"
66.249.66.90 - - [02/Aug/2018:14:52:54 +0000] "GET / HTTP/1.1" 502 182 "-" "Mozilla/5.0 (compatible; Googlebot/2.1; +http://www.google.com/bot.html)"
66.249.79.97 - - [02/Aug/2018:19:53:57 +0000] "GET /robots.txt HTTP/1.1" 502 182 "-" "Mozilla/5.0 (compatible; Googlebot/2.1; +http://www.google.com/bot.html)"
66.249.79.103 - - [02/Aug/2018:19:53:57 +0000] "GET / HTTP/1.1" 502 584 "-" "Mozilla/5.0 (Linux; Android 6.0.1; Nexus 5X Build/MMB29P) AppleWebKit/537.36 (KHTML, like Gecko) Chrome/41.0.2272.96 Mobile Safari/537.36 (compatible; Googlebot/2.1; +http://www.google.com/bot.html)"
66.249.79.97 - - [02/Aug/2018:20:17:25 +0000] "GET /robots.txt HTTP/1.1" 502 182 "-" "Mozilla/5.0 (compatible; Googlebot/2.1; +http://www.google.com/bot.html)"
66.249.79.97 - - [02/Aug/2018:20:17:25 +0000] "GET / HTTP/1.1" 502 182 "-" "Mozilla/5.0 (compatible; Googlebot/2.1; +http://www.google.com/bot.html)"
66.249.79.97 - - [02/Aug/2018:22:26:37 +0000] "GET /robots.txt HTTP/1.1" 502 182 "-" "Mozilla/5.0 (compatible; Googlebot/2.1; +http://www.google.com/bot.html)"
66.249.79.100 - - [02/Aug/2018:22:26:37 +0000] "GET / HTTP/1.1" 502 584 "-" "Mozilla/5.0 (Linux; Android 6.0.1; Nexus 5X Build/MMB29P) AppleWebKit/537.36 (KHTML, like Gecko) Chrome/41.0.2272.96 Mobile Safari/537.36 (compatible; Googlebot/2.1; +http://www.google.com/bot.html)"
66.249.79.97 - - [02/Aug/2018:23:02:19 +0000] "GET /robots.txt HTTP/1.1" 502 182 "-" "Mozilla/5.0 (compatible; Googlebot/2.1; +http://www.google.com/bot.html)"
66.249.79.97 - - [02/Aug/2018:23:02:19 +0000] "GET / HTTP/1.1" 502 182 "-" "Mozilla/5.0 (compatible; Googlebot/2.1; +http://www.google.com/bot.html)"
185.220.101.34 - - [03/Aug/2018:01:54:29 +0000] "GET / HTTP/1.0" 502 584 "https://www.cjb.net/" "Mozilla/5.0 (Linux; Android 6.0.1; Nexus 5X Build/MMB29P) AppleWebKit/537.36 (KHTML, like Gecko) Chrome/41.0.2272.96 Mobile Safari/537.36"
66.249.79.97 - - [03/Aug/2018:02:05:28 +0000] "GET /robots.txt HTTP/1.1" 502 182 "-" "Mozilla/5.0 (compatible; Googlebot/2.1; +http://www.google.com/bot.html)"
66.249.79.103 - - [03/Aug/2018:02:05:28 +0000] "GET / HTTP/1.1" 502 584 "-" "Mozilla/5.0 (Linux; Android 6.0.1; Nexus 5X Build/MMB29P) AppleWebKit/537.36 (KHTML, like Gecko) Chrome/41.0.2272.96 Mobile Safari/537.36 (compatible; Googlebot/2.1; +http://www.google.com/bot.html)"
66.249.79.97 - - [03/Aug/2018:02:15:47 +0000] "GET /robots.txt HTTP/1.1" 502 182 "-" "Mozilla/5.0 (compatible; Googlebot/2.1; +http://www.google.com/bot.html)"
66.249.79.103 - - [03/Aug/2018:02:15:47 +0000] "GET / HTTP/1.1" 502 182 "-" "Mozilla/5.0 (compatible; Googlebot/2.1; +http://www.google.com/bot.html)"
66.249.79.100 - - [03/Aug/2018:06:20:47 +0000] "GET /robots.txt HTTP/1.1" 502 182 "-" "Mozilla/5.0 (compatible; Googlebot/2.1; +http://www.google.com/bot.html)"
66.249.79.103 - - [03/Aug/2018:06:20:47 +0000] "GET / HTTP/1.1" 502 182 "-" "Mozilla/5.0 (compatible; Googlebot/2.1; +http://www.google.com/bot.html)"
66.249.79.103 - - [03/Aug/2018:07:42:08 +0000] "GET /robots.txt HTTP/1.1" 502 182 "-" "Mozilla/5.0 (compatible; Googlebot/2.1; +http://www.google.com/bot.html)"
66.249.79.103 - - [03/Aug/2018:07:42:08 +0000] "GET / HTTP/1.1" 502 584 "-" "Mozilla/5.0 (Linux; Android 6.0.1; Nexus 5X Build/MMB29P) AppleWebKit/537.36 (KHTML, like Gecko) Chrome/41.0.2272.96 Mobile Safari/537.36 (compatible; Googlebot/2.1; +http://www.google.com/bot.html)"
52.53.201.78 - - [03/Aug/2018:08:30:34 +0000] "GET / HTTP/1.1" 502 584 "-" "Mozilla/5.0 (Macintosh; Intel Mac OS X 10_12_6) AppleWebKit/537.36 (KHTML, like Gecko) Chrome/61.0.3163.100 Safari/537.36"
206.189.100.133 - - [03/Aug/2018:10:22:11 +0000] "GET / HTTP/1.1" 502 584 "-" "Mozilla/4.0 (compatible; MSIE 7.0; Windows NT 6.1; WOW64; Trident/6.0;)"
66.249.79.103 - - [03/Aug/2018:11:45:39 +0000] "GET /robots.txt HTTP/1.1" 502 182 "-" "Mozilla/5.0 (compatible; Googlebot/2.1; +http://www.google.com/bot.html)"
66.249.79.97 - - [03/Aug/2018:11:45:39 +0000] "GET / HTTP/1.1" 502 182 "-" "Mozilla/5.0 (compatible; Googlebot/2.1; +http://www.google.com/bot.html)"
169.54.244.78 - - [03/Aug/2018:14:07:23 +0000] "GET / HTTP/1.1" 502 182 "-" "Mozilla/5.0 (compatible; nsrbot/1.0; http://netsystemsresearch.com)"
66.249.79.103 - - [03/Aug/2018:14:13:29 +0000] "GET /robots.txt HTTP/1.1" 502 182 "-" "Mozilla/5.0 (compatible; Googlebot/2.1; +http://www.google.com/bot.html)"
66.249.79.100 - - [03/Aug/2018:14:13:29 +0000] "GET / HTTP/1.1" 502 584 "-" "Mozilla/5.0 (Linux; Android 6.0.1; Nexus 5X Build/MMB29P) AppleWebKit/537.36 (KHTML, like Gecko) Chrome/41.0.2272.96 Mobile Safari/537.36 (compatible; Googlebot/2.1; +http://www.google.com/bot.html)"
66.249.79.103 - - [03/Aug/2018:14:38:48 +0000] "GET /robots.txt HTTP/1.1" 502 182 "-" "Mozilla/5.0 (compatible; Googlebot/2.1; +http://www.google.com/bot.html)"
66.249.79.100 - - [03/Aug/2018:14:38:49 +0000] "GET / HTTP/1.1" 502 182 "-" "Mozilla/5.0 (compatible; Googlebot/2.1; +http://www.google.com/bot.html)"
198.54.114.108 - - [03/Aug/2018:15:34:34 +0000] "POST /xmlrpc.php HTTP/1.1" 502 182 "-" "Mozilla/5.0 (Windows; U; Windows NT 5.1; en-US; rv:1.9.0.1) Gecko/2008070208 Firefox/3.0.1"
66.249.64.196 - - [03/Aug/2018:20:55:11 +0000] "GET /robots.txt HTTP/1.1" 502 182 "-" "Mozilla/5.0 (compatible; Googlebot/2.1; +http://www.google.com/bot.html)"
66.249.64.196 - - [03/Aug/2018:20:55:11 +0000] "GET / HTTP/1.1" 502 584 "-" "Mozilla/5.0 (Linux; Android 6.0.1; Nexus 5X Build/MMB29P) AppleWebKit/537.36 (KHTML, like Gecko) Chrome/41.0.2272.96 Mobile Safari/537.36 (compatible; Googlebot/2.1; +http://www.google.com/bot.html)"
66.249.64.199 - - [03/Aug/2018:22:15:21 +0000] "GET /robots.txt HTTP/1.1" 502 182 "-" "Mozilla/5.0 (compatible; Googlebot/2.1; +http://www.google.com/bot.html)"
66.249.64.193 - - [03/Aug/2018:22:15:21 +0000] "GET /?page=businesses HTTP/1.1" 502 182 "-" "Mozilla/5.0 (compatible; Googlebot/2.1; +http://www.google.com/bot.html)"
66.249.64.193 - - [03/Aug/2018:23:06:00 +0000] "GET /robots.txt HTTP/1.1" 502 182 "-" "Mozilla/5.0 (compatible; Googlebot/2.1; +http://www.google.com/bot.html)"
66.249.64.199 - - [03/Aug/2018:23:06:00 +0000] "GET / HTTP/1.1" 502 182 "-" "Mozilla/5.0 (compatible; Googlebot/2.1; +http://www.google.com/bot.html)"
66.249.64.196 - - [04/Aug/2018:00:47:22 +0000] "GET /robots.txt HTTP/1.1" 502 182 "-" "Mozilla/5.0 (compatible; Googlebot/2.1; +http://www.google.com/bot.html)"
66.249.64.196 - - [04/Aug/2018:00:47:23 +0000] "GET / HTTP/1.1" 502 584 "-" "Mozilla/5.0 (Linux; Android 6.0.1; Nexus 5X Build/MMB29P) AppleWebKit/537.36 (KHTML, like Gecko) Chrome/41.0.2272.96 Mobile Safari/537.36 (compatible; Googlebot/2.1; +http://www.google.com/bot.html)"
66.249.64.196 - - [04/Aug/2018:01:07:56 +0000] "GET /robots.txt HTTP/1.1" 502 182 "-" "Mozilla/5.0 (compatible; Googlebot/2.1; +http://www.google.com/bot.html)"
66.249.64.196 - - [04/Aug/2018:01:07:56 +0000] "GET / HTTP/1.1" 502 182 "-" "Mozilla/5.0 (compatible; Googlebot/2.1; +http://www.google.com/bot.html)"
66.249.64.196 - - [04/Aug/2018:03:09:30 +0000] "GET /robots.txt HTTP/1.1" 502 182 "-" "Mozilla/5.0 (compatible; Googlebot/2.1; +http://www.google.com/bot.html)"
66.249.64.193 - - [04/Aug/2018:03:09:30 +0000] "GET / HTTP/1.1" 502 584 "-" "Mozilla/5.0 (Linux; Android 6.0.1; Nexus 5X Build/MMB29P) AppleWebKit/537.36 (KHTML, like Gecko) Chrome/41.0.2272.96 Mobile Safari/537.36 (compatible; Googlebot/2.1; +http://www.google.com/bot.html)"
66.249.64.193 - - [04/Aug/2018:03:34:48 +0000] "GET /robots.txt HTTP/1.1" 502 182 "-" "Mozilla/5.0 (compatible; Googlebot/2.1; +http://www.google.com/bot.html)"
66.249.64.199 - - [04/Aug/2018:03:34:48 +0000] "GET /?page=video&id=NqL5jy4tNEM HTTP/1.1" 502 182 "-" "Mozilla/5.0 (compatible; Googlebot/2.1; +http://www.google.com/bot.html)"
66.249.64.199 - - [04/Aug/2018:03:39:49 +0000] "GET /?page=video&id=Wn3jnGctYw4 HTTP/1.1" 502 182 "-" "Mozilla/5.0 (compatible; Googlebot/2.1; +http://www.google.com/bot.html)"
66.249.64.199 - - [04/Aug/2018:03:39:49 +0000] "GET /robots.txt HTTP/1.1" 502 182 "-" "Mozilla/5.0 (compatible; Googlebot/2.1; +http://www.google.com/bot.html)"
66.249.64.193 - - [04/Aug/2018:04:05:44 +0000] "GET /robots.txt HTTP/1.1" 502 182 "-" "Mozilla/5.0 (compatible; Googlebot/2.1; +http://www.google.com/bot.html)"
66.249.64.196 - - [04/Aug/2018:04:05:45 +0000] "GET / HTTP/1.1" 502 182 "-" "Mozilla/5.0 (compatible; Googlebot/2.1; +http://www.google.com/bot.html)"
185.234.217.132 - - [04/Aug/2018:11:50:13 +0000] "GET /wp-login.php HTTP/1.1" 502 584 "-" "Mozilla/5.0 (compatible; MSIE 9.0; Windows NT 6.1; Trident/5.0)"
185.234.217.132 - - [04/Aug/2018:11:50:13 +0000] "GET //wp-login.php HTTP/1.1" 502 584 "-" "Mozilla/5.0 (compatible; MSIE 9.0; Windows NT 6.1; Trident/5.0)"
66.249.64.193 - - [04/Aug/2018:12:39:50 +0000] "GET /robots.txt HTTP/1.1" 502 182 "-" "Mozilla/5.0 (compatible; Googlebot/2.1; +http://www.google.com/bot.html)"
66.249.64.196 - - [04/Aug/2018:12:39:50 +0000] "GET /?page=contactus HTTP/1.1" 502 182 "-" "Mozilla/5.0 (compatible; Googlebot/2.1; +http://www.google.com/bot.html)"
66.249.64.196 - - [04/Aug/2018:13:10:34 +0000] "GET /robots.txt HTTP/1.1" 502 182 "-" "Mozilla/5.0 (compatible; Googlebot/2.1; +http://www.google.com/bot.html)"
66.249.64.199 - - [04/Aug/2018:13:10:34 +0000] "GET /?page=%3Cbr%20/%3E%3Cb%3ENotice%3C/b%3E:%20%20Undefined%20property:%20stdClass::$slug%20in%20%3Cb%3E/var/www/dyerdev.com/includes/header.php%3C/b%3E%20on%20line%20%3Cb%3E47%3C/b%3E%3Cbr%20/%3E HTTP/1.1" 502 182 "-" "Mozilla/5.0 (compatible; Googlebot/2.1; +http://www.google.com/bot.html)"
66.249.64.193 - - [04/Aug/2018:15:53:46 +0000] "GET /robots.txt HTTP/1.1" 502 182 "-" "Mozilla/5.0 (compatible; Googlebot/2.1; +http://www.google.com/bot.html)"
66.249.64.196 - - [04/Aug/2018:15:53:46 +0000] "GET / HTTP/1.1" 502 584 "-" "Mozilla/5.0 (Linux; Android 6.0.1; Nexus 5X Build/MMB29P) AppleWebKit/537.36 (KHTML, like Gecko) Chrome/41.0.2272.96 Mobile Safari/537.36 (compatible; Googlebot/2.1; +http://www.google.com/bot.html)"
66.249.64.196 - - [04/Aug/2018:15:58:29 +0000] "GET / HTTP/1.1" 502 182 "-" "Mozilla/5.0 (compatible; Googlebot/2.1; +http://www.google.com/bot.html)"
66.249.64.196 - - [04/Aug/2018:15:58:30 +0000] "GET /robots.txt HTTP/1.1" 502 182 "-" "Mozilla/5.0 (compatible; Googlebot/2.1; +http://www.google.com/bot.html)"
207.241.229.214 - - [04/Aug/2018:18:43:55 +0000] "GET /robots.txt HTTP/1.0" 502 182 "-" "Mozilla/5.0 (compatible; archive.org_bot +http://www.archive.org/details/archive.org_bot)"
207.241.229.214 - - [04/Aug/2018:18:43:59 +0000] "GET / HTTP/1.0" 502 182 "-" "Mozilla/5.0 (compatible; archive.org_bot +http://www.archive.org/details/archive.org_bot)"
54.146.72.119 - - [05/Aug/2018:04:41:10 +0000] "GET / HTTP/1.1" 502 584 "-" "Mozilla/5.0 (X11; Ubuntu; Linux x86_64) AppleWebKit/537.36 (KHTML, like Gecko) Chrome/60.0.3112.101 Safari/537.36"
66.249.65.156 - - [05/Aug/2018:09:31:14 +0000] "GET /robots.txt HTTP/1.1" 502 182 "-" "Mozilla/5.0 (compatible; Googlebot/2.1; +http://www.google.com/bot.html)"
66.249.65.153 - - [05/Aug/2018:09:31:14 +0000] "GET /?page=video&id=NqL5jy4tNEM HTTP/1.1" 502 182 "-" "Mozilla/5.0 (compatible; Googlebot/2.1; +http://www.google.com/bot.html)"
66.249.65.155 - - [05/Aug/2018:11:53:49 +0000] "GET /robots.txt HTTP/1.1" 502 182 "-" "Mozilla/5.0 (compatible; Googlebot/2.1; +http://www.google.com/bot.html)"
66.249.65.155 - - [05/Aug/2018:11:53:49 +0000] "GET /?page=video&id=Wn3jnGctYw4 HTTP/1.1" 502 182 "-" "Mozilla/5.0 (compatible; Googlebot/2.1; +http://www.google.com/bot.html)"
163.172.4.153 - - [05/Aug/2018:12:51:57 +0000] "GET / HTTP/1.1" 502 182 "http://dyerdev.com/" "Mozilla/5.0 (Macintosh; Intel Mac OS X 10_10_5) AppleWebKit/603.2.5 (KHTML, like Gecko) Version/10.1.1 Safari/603.2.5"
66.249.65.155 - - [05/Aug/2018:18:16:52 +0000] "GET /robots.txt HTTP/1.1" 502 182 "-" "Mozilla/5.0 (compatible; Googlebot/2.1; +http://www.google.com/bot.html)"
66.249.65.156 - - [05/Aug/2018:18:16:52 +0000] "GET /vendor/bootstrap/js/bootstrap.bundle.min.js HTTP/1.1" 502 182 "http://dyerdev.com/?page=video&id=O254enp8xWs" "Mozilla/5.0 AppleWebKit/537.36 (KHTML, like Gecko; compatible; Googlebot/2.1; +http://www.google.com/bot.html) Safari/537.36"
66.249.65.153 - - [05/Aug/2018:18:17:02 +0000] "GET /vendor/jquery/jquery.min.js HTTP/1.1" 502 182 "http://dyerdev.com/?page=video&id=O254enp8xWs" "Mozilla/5.0 AppleWebKit/537.36 (KHTML, like Gecko; compatible; Googlebot/2.1; +http://www.google.com/bot.html) Safari/537.36"
66.249.65.153 - - [05/Aug/2018:18:17:12 +0000] "GET /css/style.css HTTP/1.1" 502 182 "http://dyerdev.com/?page=video&id=O254enp8xWs" "Mozilla/5.0 AppleWebKit/537.36 (KHTML, like Gecko; compatible; Googlebot/2.1; +http://www.google.com/bot.html) Safari/537.36"
52.53.201.78 - - [05/Aug/2018:23:33:48 +0000] "GET / HTTP/1.1" 502 584 "-" "Mozilla/5.0 (Macintosh; Intel Mac OS X 10_12_6) AppleWebKit/537.36 (KHTML, like Gecko) Chrome/61.0.3163.100 Safari/537.36"
66.249.65.153 - - [06/Aug/2018:05:26:50 +0000] "GET /robots.txt HTTP/1.1" 502 182 "-" "Mozilla/5.0 (compatible; Googlebot/2.1; +http://www.google.com/bot.html)"
66.249.65.156 - - [06/Aug/2018:05:26:50 +0000] "GET /vendor/bootstrap/js/bootstrap.bundle.min.js HTTP/1.1" 502 182 "http://dyerdev.com/?page=localb_directory" "Mozilla/5.0 AppleWebKit/537.36 (KHTML, like Gecko; compatible; Googlebot/2.1; +http://www.google.com/bot.html) Safari/537.36"
66.249.65.153 - - [06/Aug/2018:05:27:00 +0000] "GET /css/style.css HTTP/1.1" 502 182 "http://dyerdev.com/?page=localb_directory" "Mozilla/5.0 AppleWebKit/537.36 (KHTML, like Gecko; compatible; Googlebot/2.1; +http://www.google.com/bot.html) Safari/537.36"
66.249.65.156 - - [06/Aug/2018:06:49:52 +0000] "GET /robots.txt HTTP/1.1" 502 182 "-" "Mozilla/5.0 (compatible; Googlebot/2.1; +http://www.google.com/bot.html)"
66.249.65.155 - - [06/Aug/2018:06:49:53 +0000] "GET /?page=localb_directory HTTP/1.1" 502 182 "-" "Mozilla/5.0 (compatible; Googlebot/2.1; +http://www.google.com/bot.html)"
66.249.65.156 - - [07/Aug/2018:02:46:48 +0000] "GET /robots.txt HTTP/1.1" 502 182 "-" "Mozilla/5.0 (compatible; Googlebot/2.1; +http://www.google.com/bot.html)"
66.249.65.155 - - [07/Aug/2018:02:46:48 +0000] "GET / HTTP/1.1" 502 584 "-" "Mozilla/5.0 (Linux; Android 6.0.1; Nexus 5X Build/MMB29P) AppleWebKit/537.36 (KHTML, like Gecko) Chrome/41.0.2272.96 Mobile Safari/537.36 (compatible; Googlebot/2.1; +http://www.google.com/bot.html)"
168.1.128.50 - - [07/Aug/2018:08:55:10 +0000] "GET / HTTP/1.1" 502 182 "-" "Mozilla/5.0 (compatible; nsrbot/1.0; http://netsystemsresearch.com)"
66.249.65.156 - - [07/Aug/2018:10:17:51 +0000] "GET /robots.txt HTTP/1.1" 502 182 "-" "Mozilla/5.0 (compatible; Googlebot/2.1; +http://www.google.com/bot.html)"
66.249.65.155 - - [07/Aug/2018:10:17:51 +0000] "GET / HTTP/1.1" 502 584 "-" "Mozilla/5.0 (Linux; Android 6.0.1; Nexus 5X Build/MMB29P) AppleWebKit/537.36 (KHTML, like Gecko) Chrome/41.0.2272.96 Mobile Safari/537.36 (compatible; Googlebot/2.1; +http://www.google.com/bot.html)"
66.249.65.153 - - [07/Aug/2018:16:12:50 +0000] "GET /robots.txt HTTP/1.1" 502 182 "-" "Mozilla/5.0 (compatible; Googlebot/2.1; +http://www.google.com/bot.html)"
66.249.65.153 - - [07/Aug/2018:16:12:50 +0000] "GET / HTTP/1.1" 502 584 "-" "Mozilla/5.0 (Linux; Android 6.0.1; Nexus 5X Build/MMB29P) AppleWebKit/537.36 (KHTML, like Gecko) Chrome/41.0.2272.96 Mobile Safari/537.36 (compatible; Googlebot/2.1; +http://www.google.com/bot.html)"
49.89.254.119 - - [07/Aug/2018:18:38:46 +0000] "GET / HTTP/1.1" 502 584 "http://dyerdev.com" "Mozilla/5.0 (Windows NT 6.1; WOW64) AppleWebKit/537.11 (KHTML, like Gecko) Chrome/23.0.1271.97 Safari/537.11"
66.249.65.153 - - [07/Aug/2018:20:27:10 +0000] "GET /robots.txt HTTP/1.1" 502 182 "-" "Mozilla/5.0 (compatible; Googlebot/2.1; +http://www.google.com/bot.html)"
66.249.65.156 - - [07/Aug/2018:20:27:10 +0000] "GET /?page=amazon HTTP/1.1" 502 182 "-" "Mozilla/5.0 (compatible; Googlebot/2.1; +http://www.google.com/bot.html)"
64.246.165.180 - - [07/Aug/2018:22:18:45 +0000] "GET /robots.txt HTTP/1.0" 502 182 "-" "Mozilla/5.0 (Macintosh; Intel Mac OS X 10.10; rv:59.0) Gecko/20100101 Firefox/59.0"
64.246.165.180 - - [07/Aug/2018:22:18:45 +0000] "GET / HTTP/1.1" 502 182 "-" "Mozilla/5.0 (Macintosh; Intel Mac OS X 10.10; rv:59.0) Gecko/20100101 Firefox/59.0"
66.249.65.153 - - [08/Aug/2018:00:41:42 +0000] "GET /robots.txt HTTP/1.1" 502 182 "-" "Mozilla/5.0 (compatible; Googlebot/2.1; +http://www.google.com/bot.html)"
66.249.65.155 - - [08/Aug/2018:00:41:42 +0000] "GET / HTTP/1.1" 502 584 "-" "Mozilla/5.0 (Linux; Android 6.0.1; Nexus 5X Build/MMB29P) AppleWebKit/537.36 (KHTML, like Gecko) Chrome/41.0.2272.96 Mobile Safari/537.36 (compatible; Googlebot/2.1; +http://www.google.com/bot.html)"
66.249.65.153 - - [08/Aug/2018:01:35:45 +0000] "GET /robots.txt HTTP/1.1" 502 182 "-" "Mozilla/5.0 (compatible; Googlebot/2.1; +http://www.google.com/bot.html)"
66.249.65.155 - - [08/Aug/2018:01:35:45 +0000] "GET /css/themes/cerulean.css HTTP/1.1" 502 182 "http://dyerdev.com/?page=addyourbusiness" "Mozilla/5.0 AppleWebKit/537.36 (KHTML, like Gecko; compatible; Googlebot/2.1; +http://www.google.com/bot.html) Safari/537.36"
52.53.201.78 - - [08/Aug/2018:04:18:56 +0000] "GET / HTTP/1.1" 502 584 "-" "Mozilla/5.0 (Macintosh; Intel Mac OS X 10_12_6) AppleWebKit/537.36 (KHTML, like Gecko) Chrome/61.0.3163.100 Safari/537.36"
193.106.30.99 - - [09/Aug/2018:05:41:08 +0000] "HEAD / HTTP/1.1" 502 0 "-" "python-requests/2.18.4"
69.58.178.56 - - [09/Aug/2018:09:30:33 +0000] "GET /robots.txt HTTP/1.1" 502 182 "-" "Mozilla/5.0 (compatible; ips-agent)"
69.58.178.56 - - [09/Aug/2018:09:30:35 +0000] "GET / HTTP/1.1" 502 182 "-" "Mozilla/5.0 (compatible; ips-agent)"
159.203.76.185 - - [09/Aug/2018:10:54:11 +0000] "GET / HTTP/1.0" 502 182 "-" "Mozilla/5.0 (compatible; NetcraftSurveyAgent/1.0; +info@netcraft.com)"
66.249.69.164 - - [09/Aug/2018:12:47:25 +0000] "GET /robots.txt HTTP/1.1" 502 182 "-" "Mozilla/5.0 (compatible; Googlebot/2.1; +http://www.google.com/bot.html)"
66.249.69.167 - - [09/Aug/2018:12:47:25 +0000] "GET / HTTP/1.1" 502 182 "-" "Mozilla/5.0 (compatible; Googlebot/2.1; +http://www.google.com/bot.html)"
66.249.69.161 - - [09/Aug/2018:13:07:56 +0000] "GET /robots.txt HTTP/1.1" 502 182 "-" "Mozilla/5.0 (compatible; Googlebot/2.1; +http://www.google.com/bot.html)"
66.249.69.167 - - [09/Aug/2018:13:07:56 +0000] "GET / HTTP/1.1" 502 584 "-" "Mozilla/5.0 (Linux; Android 6.0.1; Nexus 5X Build/MMB29P) AppleWebKit/537.36 (KHTML, like Gecko) Chrome/41.0.2272.96 Mobile Safari/537.36 (compatible; Googlebot/2.1; +http://www.google.com/bot.html)"
66.249.69.167 - - [09/Aug/2018:17:42:23 +0000] "GET /robots.txt HTTP/1.1" 502 182 "-" "Mozilla/5.0 (compatible; Googlebot/2.1; +http://www.google.com/bot.html)"
66.249.69.164 - - [09/Aug/2018:17:42:23 +0000] "GET /?page=amazon HTTP/1.1" 502 584 "-" "Mozilla/5.0 (Linux; Android 6.0.1; Nexus 5X Build/MMB29P) AppleWebKit/537.36 (KHTML, like Gecko) Chrome/41.0.2272.96 Mobile Safari/537.36 (compatible; Googlebot/2.1; +http://www.google.com/bot.html)"
34.219.0.148 - - [10/Aug/2018:03:21:48 +0000] "GET /wp-login.php HTTP/1.1" 502 182 "https://google.com" "Mozilla/5.0 (Windows NT 6.2; rv:28.0) Gecko/20100101 Firefox/28.0"
34.219.0.148 - - [10/Aug/2018:03:21:48 +0000] "GET /administrator/index.php HTTP/1.1" 502 182 "https://google.com" "Mozilla/5.0 (Windows NT 5.1; rv:36.0) Gecko/20100101 Firefox/36.0"
34.219.0.148 - - [10/Aug/2018:03:21:48 +0000] "GET /phpmyadmin/index.php HTTP/1.1" 502 182 "https://google.com" "Mozilla/5.0 (Windows NT 6.0; rv:28.0) Gecko/20100101 Firefox/28.0"
34.219.0.148 - - [10/Aug/2018:03:21:49 +0000] "GET /pma/index.php HTTP/1.1" 502 182 "https://google.com" "Mozilla/5.0 (Windows NT 6.2; WOW64; rv:29.0) Gecko/20120101 Firefox/29.0"
163.172.4.153 - - [10/Aug/2018:04:18:00 +0000] "GET / HTTP/1.1" 502 584 "http://dyerdev.com/" "Mozilla/5.0 (Windows NT 10.0; Win64; x64) AppleWebKit/537.36 (KHTML, like Gecko) Chrome/57.0.2987.133 Safari/537.36 OPR/44.0.2510.1449"
66.249.69.167 - - [10/Aug/2018:04:43:47 +0000] "GET /robots.txt HTTP/1.1" 502 182 "-" "Mozilla/5.0 (compatible; Googlebot/2.1; +http://www.google.com/bot.html)"
66.249.69.164 - - [10/Aug/2018:04:43:47 +0000] "GET / HTTP/1.1" 502 584 "-" "Mozilla/5.0 (Linux; Android 6.0.1; Nexus 5X Build/MMB29P) AppleWebKit/537.36 (KHTML, like Gecko) Chrome/41.0.2272.96 Mobile Safari/537.36 (compatible; Googlebot/2.1; +http://www.google.com/bot.html)"
52.53.201.78 - - [10/Aug/2018:05:31:46 +0000] "GET / HTTP/1.1" 502 584 "-" "Mozilla/5.0 (Macintosh; Intel Mac OS X 10_12_6) AppleWebKit/537.36 (KHTML, like Gecko) Chrome/61.0.3163.100 Safari/537.36"
66.249.69.164 - - [10/Aug/2018:11:17:59 +0000] "GET /robots.txt HTTP/1.1" 502 182 "-" "Mozilla/5.0 (compatible; Googlebot/2.1; +http://www.google.com/bot.html)"
66.249.69.164 - - [10/Aug/2018:11:17:59 +0000] "GET / HTTP/1.1" 502 584 "-" "Mozilla/5.0 (Linux; Android 6.0.1; Nexus 5X Build/MMB29P) AppleWebKit/537.36 (KHTML, like Gecko) Chrome/41.0.2272.96 Mobile Safari/537.36 (compatible; Googlebot/2.1; +http://www.google.com/bot.html)"
66.249.69.164 - - [10/Aug/2018:14:16:01 +0000] "GET /robots.txt HTTP/1.1" 502 182 "-" "Mozilla/5.0 (compatible; Googlebot/2.1; +http://www.google.com/bot.html)"
66.249.69.167 - - [10/Aug/2018:14:16:01 +0000] "GET / HTTP/1.1" 502 584 "-" "Mozilla/5.0 (Linux; Android 6.0.1; Nexus 5X Build/MMB29P) AppleWebKit/537.36 (KHTML, like Gecko) Chrome/41.0.2272.96 Mobile Safari/537.36 (compatible; Googlebot/2.1; +http://www.google.com/bot.html)"
66.249.69.161 - - [10/Aug/2018:15:28:49 +0000] "GET /robots.txt HTTP/1.1" 502 182 "-" "Mozilla/5.0 (compatible; Googlebot/2.1; +http://www.google.com/bot.html)"
66.249.69.161 - - [10/Aug/2018:15:28:49 +0000] "GET /mhrjatdddadcy.html HTTP/1.1" 502 182 "-" "Mozilla/5.0 (compatible; Googlebot/2.1; +http://www.google.com/bot.html)"
66.249.64.196 - - [10/Aug/2018:17:58:48 +0000] "GET /robots.txt HTTP/1.1" 502 182 "-" "Mozilla/5.0 (compatible; Googlebot/2.1; +http://www.google.com/bot.html)"
66.249.64.193 - - [10/Aug/2018:17:58:48 +0000] "GET / HTTP/1.1" 502 584 "-" "Mozilla/5.0 (Linux; Android 6.0.1; Nexus 5X Build/MMB29P) AppleWebKit/537.36 (KHTML, like Gecko) Chrome/41.0.2272.96 Mobile Safari/537.36 (compatible; Googlebot/2.1; +http://www.google.com/bot.html)"
196.52.43.125 - - [10/Aug/2018:18:52:37 +0000] "GET / HTTP/1.1" 502 182 "-" "Mozilla/5.0 (compatible; nsrbot/1.0; http://netsystemsresearch.com)"
66.249.64.199 - - [10/Aug/2018:20:51:01 +0000] "GET /robots.txt HTTP/1.1" 502 182 "-" "Mozilla/5.0 (compatible; Googlebot/2.1; +http://www.google.com/bot.html)"
66.249.64.196 - - [10/Aug/2018:20:51:01 +0000] "GET /?page=home HTTP/1.1" 502 584 "-" "Mozilla/5.0 (Linux; Android 6.0.1; Nexus 5X Build/MMB29P) AppleWebKit/537.36 (KHTML, like Gecko) Chrome/41.0.2272.96 Mobile Safari/537.36 (compatible; Googlebot/2.1; +http://www.google.com/bot.html)"
68.180.78.106 - - [10/Aug/2018:21:17:52 +0000] "GET / HTTP/1.1" 502 584 "-" "Mozilla/5.0 (Windows NT 10.0; Win64; x64) AppleWebKit/537.36 (KHTML, like Gecko) Chrome/68.0.3440.84 Safari/537.36"
68.180.78.106 - - [10/Aug/2018:21:17:53 +0000] "GET /favicon.ico HTTP/1.1" 502 584 "http://dyerdev.com/" "Mozilla/5.0 (Windows NT 10.0; Win64; x64) AppleWebKit/537.36 (KHTML, like Gecko) Chrome/68.0.3440.84 Safari/537.36"
66.249.64.196 - - [11/Aug/2018:14:28:58 +0000] "GET /robots.txt HTTP/1.1" 502 182 "-" "Mozilla/5.0 (compatible; Googlebot/2.1; +http://www.google.com/bot.html)"
66.249.64.199 - - [11/Aug/2018:14:28:58 +0000] "GET / HTTP/1.1" 502 182 "-" "Mozilla/5.0 (compatible; Googlebot/2.1; +http://www.google.com/bot.html)"
